2022-03-05 19:30:22,467 - INFO - Begin processing
2022-03-05 19:30:22,468 - INFO - Waiting for the next trigger: 2022-03-2022-03-02022-03-05 20:00:23,998 - INFO - Triggered at 2022-03-05 12:00
 "POST /zapper HTTP/1.1" 200 -
2022-03-05 19:35:38,916 - INFO - 45.50.160.252 - - [05/Mar/2022 19:35:38] "POST /analysis HTTP/1.1" 200 -
2022-03-05 19:35:44,783 - INFO - 45.50.160.252 - - [05/Mar/2022 19:35:44] "POST /analyze HTTP/1.1" 200 -
2022-03-05 19:45:37,953 - INFO - 54.86.50.139 - - [05/Mar/2022 19:45:37] "POST /analyze HTTP/1.1" 200 -
2022-03-05 21:34:16,160 - INFO - 61.151.178.177 - - [05/Mar/2022 21:34:16] "GET /analyze HTTP/1.1" 405 -
2022-03-06 00:53:46,995 - INFO - 59.36.121.175 - - [06/Mar/2022 00:53:46] "GET /zapper HTTP/1.0" 405 -
2022-03-06 00:53:47,575 - INFO - 59.36.121.175 - - [06/Mar/2022 00:53:47] "GET /analyze HTTP/1.0" 405 -
2022-03-06 01:03:36,221 - INFO - 45.50.160.252 - - [06/Mar/2022 01:03:36] "POST /zapper HTTP/1.1" 200 -
